#-----------------------------------------------------------
# Webtalk v2019.1 (64-bit)
# SW Build 2552052 on Fri May 24 14:49:42 MDT 2019
# IP Build 2548770 on Fri May 24 18:01:18 MDT 2019
# Start of session at: Mon Dec 15 23:52:24 2025
# Process ID: 50532
# Current directory: C:/ProgsData/Data/Labs/HardwareAccelerator/designs/rtl/sigma/syn/syn_2stage/NEXYS4_DDR/NEXYS4_DDR.sim/sim_1/behav/xsim
# Command line: wbtcv.exe -mode batch -source C:/ProgsData/Data/Labs/HardwareAccelerator/designs/rtl/sigma/syn/syn_2stage/NEXYS4_DDR/NEXYS4_DDR.sim/sim_1/behav/xsim/xsim.dir/riscv_tb_behav/webtalk/xsim_webtalk.tcl -notrace
# Log file: C:/ProgsData/Data/Labs/HardwareAccelerator/designs/rtl/sigma/syn/syn_2stage/NEXYS4_DDR/NEXYS4_DDR.sim/sim_1/behav/xsim/webtalk.log
# Journal file: C:/ProgsData/Data/Labs/HardwareAccelerator/designs/rtl/sigma/syn/syn_2stage/NEXYS4_DDR/NEXYS4_DDR.sim/sim_1/behav/xsim\webtalk.jou
#-----------------------------------------------------------
source C:/ProgsData/Data/Labs/HardwareAccelerator/designs/rtl/sigma/syn/syn_2stage/NEXYS4_DDR/NEXYS4_DDR.sim/sim_1/behav/xsim/xsim.dir/riscv_tb_behav/webtalk/xsim_webtalk.tcl -notrace
